MO vga_config_proc_sys_reset_0_wrapper NULL /home/cc/cs150/sp13/class/cs150-bh/cs150/tests/hardware/vga_config/hdl/vga_config.v vlg29/vga__config__proc__sys__reset__0__wrapper.bin 1365896172
MO vga_config_dlmb_cntlr_wrapper NULL /home/cc/cs150/sp13/class/cs150-bh/cs150/tests/hardware/vga_config/hdl/vga_config.v vlg2B/vga__config__dlmb__cntlr__wrapper.bin 1365896172
MO vga_config_microblaze_0_wrapper NULL /home/cc/cs150/sp13/class/cs150-bh/cs150/tests/hardware/vga_config/hdl/vga_config.v vlg41/vga__config__microblaze__0__wrapper.bin 1365896172
MO vga_config_xps_iic_0_wrapper NULL /home/cc/cs150/sp13/class/cs150-bh/cs150/tests/hardware/vga_config/hdl/vga_config.v vlg64/vga__config__xps__iic__0__wrapper.bin 1365896172
MO vga_config_rs232_uart_1_wrapper NULL /home/cc/cs150/sp13/class/cs150-bh/cs150/tests/hardware/vga_config/hdl/vga_config.v vlg31/vga__config__rs232__uart__1__wrapper.bin 1365896172
MO chipscope_icon NULL ../../vga_in/src/chipscope/chipscope_icon.v vlg52/chipscope__icon.bin 1365896172
MO vga_config_mb_plb_wrapper NULL /home/cc/cs150/sp13/class/cs150-bh/cs150/tests/hardware/vga_config/hdl/vga_config.v vlg1E/vga__config__mb__plb__wrapper.bin 1365896172
MO vga_config_mdm_0_wrapper NULL /home/cc/cs150/sp13/class/cs150-bh/cs150/tests/hardware/vga_config/hdl/vga_config.v vlg13/vga__config__mdm__0__wrapper.bin 1365896172
MO vga_config_ilmb_cntlr_wrapper NULL /home/cc/cs150/sp13/class/cs150-bh/cs150/tests/hardware/vga_config/hdl/vga_config.v vlg04/vga__config__ilmb__cntlr__wrapper.bin 1365896172
MO vga_config_lmb_bram_wrapper NULL /home/cc/cs150/sp13/class/cs150-bh/cs150/tests/hardware/vga_config/hdl/vga_config.v vlg02/vga__config__lmb__bram__wrapper.bin 1365896172
MO vga_config_xps_intc_0_wrapper NULL /home/cc/cs150/sp13/class/cs150-bh/cs150/tests/hardware/vga_config/hdl/vga_config.v vlg75/vga__config__xps__intc__0__wrapper.bin 1365896172
MO chipscope_ila NULL ../../vga_in/src/chipscope/chipscope_ila.v vlg33/chipscope__ila.bin 1365896172
MO vga_config_dlmb_wrapper NULL /home/cc/cs150/sp13/class/cs150-bh/cs150/tests/hardware/vga_config/hdl/vga_config.v vlg4D/vga__config__dlmb__wrapper.bin 1365896172
MO vga_config_top NULL ../../vga_config/vga_config_top.v vlg79/vga__config__top.bin 1365896172
MO vga_config_clock_generator_0_wrapper NULL /home/cc/cs150/sp13/class/cs150-bh/cs150/tests/hardware/vga_config/hdl/vga_config.v vlg57/vga__config__clock__generator__0__wrapper.bin 1365896172
MO vga_config_ilmb_wrapper NULL /home/cc/cs150/sp13/class/cs150-bh/cs150/tests/hardware/vga_config/hdl/vga_config.v vlg1E/vga__config__ilmb__wrapper.bin 1365896172
MO vga_config NULL /home/cc/cs150/sp13/class/cs150-bh/cs150/tests/hardware/vga_config/hdl/vga_config.v vlg17/vga__config.bin 1365896172
