/home/cc/cs150/sp13/class/cs150-ax/dviproj/implementation/system.ngc 1367612219
/home/cc/cs150/sp13/class/cs150-ax/dviproj/implementation/system_microblaze_0_wrapper.ngc 1367611510
/home/cc/cs150/sp13/class/cs150-ax/dviproj/implementation/system_mb_plb_wrapper.ngc 1367610620
/home/cc/cs150/sp13/class/cs150-ax/dviproj/implementation/system_ilmb_wrapper.ngc 1367611522
/home/cc/cs150/sp13/class/cs150-ax/dviproj/implementation/system_dlmb_wrapper.ngc 1367611535
/home/cc/cs150/sp13/class/cs150-ax/dviproj/implementation/system_dlmb_cntlr_wrapper.ngc 1367610691
/home/cc/cs150/sp13/class/cs150-ax/dviproj/implementation/system_ilmb_cntlr_wrapper.ngc 1367610715
/home/cc/cs150/sp13/class/cs150-ax/dviproj/implementation/system_lmb_bram_wrapper.ngc 1367610761
/home/cc/cs150/sp13/class/cs150-ax/dviproj/implementation/system_rs232_uart_1_wrapper.ngc 1367610812
/home/cc/cs150/sp13/class/cs150-ax/dviproj/implementation/system_ddr2_sdram_wrapper.ngc 1367611549
/home/cc/cs150/sp13/class/cs150-ax/dviproj/implementation/system_clock_generator_0_wrapper.ngc 1367611561
/home/cc/cs150/sp13/class/cs150-ax/dviproj/implementation/system_mdm_0_wrapper.ngc 1367611281
/home/cc/cs150/sp13/class/cs150-ax/dviproj/implementation/system_proc_sys_reset_0_wrapper.ngc 1367611307
/home/cc/cs150/sp13/class/cs150-ax/dviproj/implementation/system_readcop_0_to_microblaze_0_wrapper.ngc 1367611574
/home/cc/cs150/sp13/class/cs150-ax/dviproj/implementation/system_microblaze_0_to_readcop_0_wrapper.ngc 1367611586
/home/cc/cs150/sp13/class/cs150-ax/dviproj/implementation/system_vgain_0_to_microblaze_0_wrapper.ngc 1367611599
/home/cc/cs150/sp13/class/cs150-ax/dviproj/implementation/system_vgain_0_wrapper.ngc 1367611612
/home/cc/cs150/sp13/class/cs150-ax/dviproj/implementation/system_microblaze_0_to_vgain_0_wrapper.ngc 1367611625
/home/cc/cs150/sp13/class/cs150-ax/dviproj/implementation/system_readcop_0_wrapper.ngc 1367611638
OK
