/home/cc/cs150/sp13/class/cs150-ax/dviproj/implementation/system.ngc 1367534929
/home/cc/cs150/sp13/class/cs150-ax/dviproj/implementation/system_microblaze_0_wrapper.ngc 1367534091
/home/cc/cs150/sp13/class/cs150-ax/dviproj/implementation/system_mb_plb_wrapper.ngc 1367534091
/home/cc/cs150/sp13/class/cs150-ax/dviproj/implementation/system_ilmb_wrapper.ngc 1367534091
/home/cc/cs150/sp13/class/cs150-ax/dviproj/implementation/system_dlmb_wrapper.ngc 1367534091
/home/cc/cs150/sp13/class/cs150-ax/dviproj/implementation/system_dlmb_cntlr_wrapper.ngc 1367534091
/home/cc/cs150/sp13/class/cs150-ax/dviproj/implementation/system_ilmb_cntlr_wrapper.ngc 1367534091
/home/cc/cs150/sp13/class/cs150-ax/dviproj/implementation/system_lmb_bram_wrapper.ngc 1367534091
/home/cc/cs150/sp13/class/cs150-ax/dviproj/implementation/system_rs232_uart_1_wrapper.ngc 1367534091
/home/cc/cs150/sp13/class/cs150-ax/dviproj/implementation/system_ddr2_sdram_wrapper.ngc 1367534091
/home/cc/cs150/sp13/class/cs150-ax/dviproj/implementation/system_clock_generator_0_wrapper.ngc 1367534237
/home/cc/cs150/sp13/class/cs150-ax/dviproj/implementation/system_mdm_0_wrapper.ngc 1367534091
/home/cc/cs150/sp13/class/cs150-ax/dviproj/implementation/system_proc_sys_reset_0_wrapper.ngc 1367534091
/home/cc/cs150/sp13/class/cs150-ax/dviproj/implementation/system_readcop_0_to_microblaze_0_wrapper.ngc 1367534091
/home/cc/cs150/sp13/class/cs150-ax/dviproj/implementation/system_microblaze_0_to_readcop_0_wrapper.ngc 1367534091
/home/cc/cs150/sp13/class/cs150-ax/dviproj/implementation/system_vgain_0_to_microblaze_0_wrapper.ngc 1367534091
/home/cc/cs150/sp13/class/cs150-ax/dviproj/implementation/system_vgain_0_wrapper.ngc 1367534250
/home/cc/cs150/sp13/class/cs150-ax/dviproj/implementation/system_microblaze_0_to_vgain_0_wrapper.ngc 1367534263
/home/cc/cs150/sp13/class/cs150-ax/dviproj/implementation/system_readcop_0_wrapper.ngc 1367534276
OK
