--------------------------------------------------------------------------------
Release 14.1 Trace  (lin64)
Copyright (c) 1995-2012 Xilinx, Inc.  All rights reserved.

/opt/Xilinx/14.1/ISE_DS/ISE/bin/lin64/unwrapped/trce -e 3 -xml system.twx
system.ncd system.pcf

Design file:              system.ncd
Physical constraint file: system.pcf
Device,package,speed:     xc5vlx110t,ff1136,-1 (PRODUCTION 1.73 2012-04-23, STEPPING level 0)
Report level:             error report

Environment Variable      Effect 
--------------------      ------ 
NONE                      No environment variables were set
--------------------------------------------------------------------------------

INFO:Timing:3386 - Intersecting Constraints found and resolved.  For more 
   information, see the TSI report.  Please consult the Xilinx Command Line 
   Tools User Guide for information on generating a TSI report.
INFO:Timing:3412 - To improve timing, see the Timing Closure User Guide (UG612).
INFO:Timing:2752 - To get complete path coverage, use the unconstrained paths 
   option. All paths that are not constrained will be reported in the 
   unconstrained paths section(s) of the report.
INFO:Timing:3339 - The clock-to-out numbers in this timing report are based on 
   a 50 Ohm transmission line loading model.  For the details of this model, 
   and for more information on accounting for different loading conditions, 
   please see the device datasheet.

================================================================================
Timing constraint: NET         
"DDR2_SDRAM/DDR2_SDRAM/mpmc_core_0/gen_v5_ddr2_phy.mpmc_phy_if_0/u_phy_io_0/
en_dqs<7>"         MAXDELAY = 0.6 ns;

 1 net analyzed, 0 failing nets detected.
 0 timing errors detected.
 Maximum net delay is   0.522ns.
--------------------------------------------------------------------------------

================================================================================
Timing constraint: NET         
"DDR2_SDRAM/DDR2_SDRAM/mpmc_core_0/gen_v5_ddr2_phy.mpmc_phy_if_0/u_phy_io_0/
en_dqs<6>"         MAXDELAY = 0.6 ns;

 1 net analyzed, 0 failing nets detected.
 0 timing errors detected.
 Maximum net delay is   0.522ns.
--------------------------------------------------------------------------------

================================================================================
Timing constraint: NET         
"DDR2_SDRAM/DDR2_SDRAM/mpmc_core_0/gen_v5_ddr2_phy.mpmc_phy_if_0/u_phy_io_0/
en_dqs<5>"         MAXDELAY = 0.6 ns;

 1 net analyzed, 0 failing nets detected.
 0 timing errors detected.
 Maximum net delay is   0.521ns.
--------------------------------------------------------------------------------

================================================================================
Timing constraint: NET         
"DDR2_SDRAM/DDR2_SDRAM/mpmc_core_0/gen_v5_ddr2_phy.mpmc_phy_if_0/u_phy_io_0/
en_dqs<4>"         MAXDELAY = 0.6 ns;

 1 net analyzed, 0 failing nets detected.
 0 timing errors detected.
 Maximum net delay is   0.531ns.
--------------------------------------------------------------------------------

================================================================================
Timing constraint: NET         
"DDR2_SDRAM/DDR2_SDRAM/mpmc_core_0/gen_v5_ddr2_phy.mpmc_phy_if_0/u_phy_io_0/
en_dqs<3>"         MAXDELAY = 0.6 ns;

 1 net analyzed, 0 failing nets detected.
 0 timing errors detected.
 Maximum net delay is   0.531ns.
--------------------------------------------------------------------------------

================================================================================
Timing constraint: NET         
"DDR2_SDRAM/DDR2_SDRAM/mpmc_core_0/gen_v5_ddr2_phy.mpmc_phy_if_0/u_phy_io_0/
en_dqs<2>"         MAXDELAY = 0.6 ns;

 1 net analyzed, 0 failing nets detected.
 0 timing errors detected.
 Maximum net delay is   0.522ns.
--------------------------------------------------------------------------------

================================================================================
Timing constraint: NET         
"DDR2_SDRAM/DDR2_SDRAM/mpmc_core_0/gen_v5_ddr2_phy.mpmc_phy_if_0/u_phy_io_0/
en_dqs<1>"         MAXDELAY = 0.6 ns;

 1 net analyzed, 0 failing nets detected.
 0 timing errors detected.
 Maximum net delay is   0.528ns.
--------------------------------------------------------------------------------

================================================================================
Timing constraint: NET         
"DDR2_SDRAM/DDR2_SDRAM/mpmc_core_0/gen_v5_ddr2_phy.mpmc_phy_if_0/u_phy_io_0/
en_dqs<0>"         MAXDELAY = 0.6 ns;

 1 net analyzed, 0 failing nets detected.
 0 timing errors detected.
 Maximum net delay is   0.531ns.
--------------------------------------------------------------------------------

================================================================================
Timing constraint: NET         
"DDR2_SDRAM/DDR2_SDRAM/mpmc_core_0/gen_v5_ddr2_phy.mpmc_phy_if_0/u_phy_io_0/
gen_dqs[7].u_iob_dqs/en_dqs_sync"         MAXDELAY = 0.85 ns;

 1 net analyzed, 0 failing nets detected.
 0 timing errors detected.
 Maximum net delay is   0.803ns.
--------------------------------------------------------------------------------

================================================================================
Timing constraint: NET         
"DDR2_SDRAM/DDR2_SDRAM/mpmc_core_0/gen_v5_ddr2_phy.mpmc_phy_if_0/u_phy_io_0/
gen_dqs[6].u_iob_dqs/en_dqs_sync"         MAXDELAY = 0.85 ns;

 1 net analyzed, 0 failing nets detected.
 0 timing errors detected.
 Maximum net delay is   0.803ns.
--------------------------------------------------------------------------------

================================================================================
Timing constraint: NET         
"DDR2_SDRAM/DDR2_SDRAM/mpmc_core_0/gen_v5_ddr2_phy.mpmc_phy_if_0/u_phy_io_0/
gen_dqs[5].u_iob_dqs/en_dqs_sync"         MAXDELAY = 0.85 ns;

 1 net analyzed, 0 failing nets detected.
 0 timing errors detected.
 Maximum net delay is   0.805ns.
--------------------------------------------------------------------------------

================================================================================
Timing constraint: NET         
"DDR2_SDRAM/DDR2_SDRAM/mpmc_core_0/gen_v5_ddr2_phy.mpmc_phy_if_0/u_phy_io_0/
gen_dqs[4].u_iob_dqs/en_dqs_sync"         MAXDELAY = 0.85 ns;

 1 net analyzed, 0 failing nets detected.
 0 timing errors detected.
 Maximum net delay is   0.803ns.
--------------------------------------------------------------------------------

================================================================================
Timing constraint: NET         
"DDR2_SDRAM/DDR2_SDRAM/mpmc_core_0/gen_v5_ddr2_phy.mpmc_phy_if_0/u_phy_io_0/
gen_dqs[3].u_iob_dqs/en_dqs_sync"         MAXDELAY = 0.85 ns;

 1 net analyzed, 0 failing nets detected.
 0 timing errors detected.
 Maximum net delay is   0.803ns.
--------------------------------------------------------------------------------

================================================================================
Timing constraint: NET         
"DDR2_SDRAM/DDR2_SDRAM/mpmc_core_0/gen_v5_ddr2_phy.mpmc_phy_if_0/u_phy_io_0/
gen_dqs[2].u_iob_dqs/en_dqs_sync"         MAXDELAY = 0.85 ns;

 1 net analyzed, 0 failing nets detected.
 0 timing errors detected.
 Maximum net delay is   0.803ns.
--------------------------------------------------------------------------------

================================================================================
Timing constraint: NET         
"DDR2_SDRAM/DDR2_SDRAM/mpmc_core_0/gen_v5_ddr2_phy.mpmc_phy_if_0/u_phy_io_0/
gen_dqs[1].u_iob_dqs/en_dqs_sync"         MAXDELAY = 0.85 ns;

 1 net analyzed, 0 failing nets detected.
 0 timing errors detected.
 Maximum net delay is   0.805ns.
--------------------------------------------------------------------------------

================================================================================
Timing constraint: NET         
"DDR2_SDRAM/DDR2_SDRAM/mpmc_core_0/gen_v5_ddr2_phy.mpmc_phy_if_0/u_phy_io_0/
gen_dqs[0].u_iob_dqs/en_dqs_sync"         MAXDELAY = 0.85 ns;

 1 net analyzed, 0 failing nets detected.
 0 timing errors detected.
 Maximum net delay is   0.805ns.
--------------------------------------------------------------------------------

================================================================================
Timing constraint: TS_ASYNC_FIFO_vgain_0_to_microblaze_0 = MAXDELAY FROM 
TIMEGRP         "vgain_0_to_microblaze_0_fsl" 16 ns DATAPATHONLY;
For more information, see From:To (Multicycle) Analysis in the Timing Closure User Guide (UG612).

 196 paths analyzed, 196 endpoints analyzed, 0 failing endpoints
 0 timing errors detected. (0 setup errors, 0 hold errors)
 Maximum delay is   5.964ns.
--------------------------------------------------------------------------------

================================================================================
Timing constraint: TS_ASYNC_FIFO_readcop_0_to_microblaze_0 = MAXDELAY FROM 
TIMEGRP         "readcop_0_to_microblaze_0_fsl" 16 ns DATAPATHONLY;
For more information, see From:To (Multicycle) Analysis in the Timing Closure User Guide (UG612).

 196 paths analyzed, 196 endpoints analyzed, 0 failing endpoints
 0 timing errors detected. (0 setup errors, 0 hold errors)
 Maximum delay is   6.157ns.
--------------------------------------------------------------------------------

================================================================================
Timing constraint: TS_sys_clk_pin = PERIOD TIMEGRP "sys_clk_pin" 100 MHz HIGH 
50%;
For more information, see Period Analysis in the Timing Closure User Guide (UG612).

 0 paths analyzed, 0 endpoints analyzed, 0 failing endpoints
 0 timing errors detected. (0 component switching limit errors)
 Minimum period is   4.000ns.
--------------------------------------------------------------------------------

================================================================================
Timing constraint: TS_MC_RD_DATA_SEL = MAXDELAY FROM TIMEGRP "TNM_RD_DATA_SEL" 
TO TIMEGRP "FFS"         TS_sys_clk_pin * 2;
For more information, see From:To (Multicycle) Analysis in the Timing Closure User Guide (UG612).

 384 paths analyzed, 384 endpoints analyzed, 0 failing endpoints
 0 timing errors detected. (0 setup errors, 0 hold errors)
 Maximum delay is   4.160ns.
--------------------------------------------------------------------------------

================================================================================
Timing constraint: TS_MC_PHY_INIT_DATA_SEL_0 = MAXDELAY FROM TIMEGRP 
"TNM_PHY_INIT_DATA_SEL" TO         TIMEGRP "FFS" TS_sys_clk_pin * 2;
For more information, see From:To (Multicycle) Analysis in the Timing Closure User Guide (UG612).

 0 paths analyzed, 0 endpoints analyzed, 0 failing endpoints
 0 timing errors detected.
--------------------------------------------------------------------------------

================================================================================
Timing constraint: TS_MC_PHY_INIT_DATA_SEL_90 = MAXDELAY FROM TIMEGRP 
"TNM_PHY_INIT_DATA_SEL" TO         TIMEGRP "FFS" TS_sys_clk_pin * 2;
For more information, see From:To (Multicycle) Analysis in the Timing Closure User Guide (UG612).

 50 paths analyzed, 50 endpoints analyzed, 0 failing endpoints
 0 timing errors detected. (0 setup errors, 0 hold errors)
 Maximum delay is   4.692ns.
--------------------------------------------------------------------------------

================================================================================
Timing constraint: TS_MC_GATE_DLY = MAXDELAY FROM TIMEGRP "TNM_GATE_DLY" TO 
TIMEGRP "FFS"         TS_sys_clk_pin * 2;
For more information, see From:To (Multicycle) Analysis in the Timing Closure User Guide (UG612).

 40 paths analyzed, 40 endpoints analyzed, 0 failing endpoints
 0 timing errors detected. (0 setup errors, 0 hold errors)
 Maximum delay is   3.165ns.
--------------------------------------------------------------------------------

================================================================================
Timing constraint: TS_MC_RDEN_DLY = MAXDELAY FROM TIMEGRP "TNM_RDEN_DLY" TO 
TIMEGRP "FFS"         TS_sys_clk_pin * 2;
For more information, see From:To (Multicycle) Analysis in the Timing Closure User Guide (UG612).

 5 paths analyzed, 5 endpoints analyzed, 0 failing endpoints
 0 timing errors detected. (0 setup errors, 0 hold errors)
 Maximum delay is   1.886ns.
--------------------------------------------------------------------------------

================================================================================
Timing constraint: TS_MC_CAL_RDEN_DLY = MAXDELAY FROM TIMEGRP 
"TNM_CAL_RDEN_DLY" TO TIMEGRP "FFS"         TS_sys_clk_pin * 2;
For more information, see From:To (Multicycle) Analysis in the Timing Closure User Guide (UG612).

 5 paths analyzed, 5 endpoints analyzed, 0 failing endpoints
 0 timing errors detected. (0 setup errors, 0 hold errors)
 Maximum delay is   1.881ns.
--------------------------------------------------------------------------------

================================================================================
Timing constraint: TS_DQ_CE = MAXDELAY FROM TIMEGRP "TNM_DQ_CE_IDDR" TO TIMEGRP 
"TNM_DQS_FLOPS"         1.9 ns;
For more information, see From:To (Multicycle) Analysis in the Timing Closure User Guide (UG612).

 128 paths analyzed, 64 endpoints analyzed, 0 failing endpoints
 0 timing errors detected. (0 setup errors, 0 hold errors)
 Minimum period is   3.676ns.
 Maximum delay is   1.862ns.
--------------------------------------------------------------------------------

================================================================================
Timing constraint: TS_clock_generator_0_clock_generator_0_SIG_PLL0_CLKOUT0 = 
PERIOD TIMEGRP         "clock_generator_0_clock_generator_0_SIG_PLL0_CLKOUT0" 
TS_sys_clk_pin         * 1.25 PHASE 2 ns HIGH 50%;
For more information, see Period Analysis in the Timing Closure User Guide (UG612).

 898 paths analyzed, 764 endpoints analyzed, 0 failing endpoints
 0 timing errors detected. (0 setup errors, 0 hold errors, 0 component switching limit errors)
 Minimum period is   5.701ns.
--------------------------------------------------------------------------------

================================================================================
Timing constraint: TS_clock_generator_0_clock_generator_0_SIG_PLL0_CLKOUT1 = 
PERIOD TIMEGRP         "clock_generator_0_clock_generator_0_SIG_PLL0_CLKOUT1" 
TS_sys_clk_pin         * 1.25 HIGH 50%;
For more information, see Period Analysis in the Timing Closure User Guide (UG612).

 31784 paths analyzed, 9139 endpoints analyzed, 0 failing endpoints
 0 timing errors detected. (0 setup errors, 0 hold errors, 0 component switching limit errors)
 Minimum period is   7.950ns.
--------------------------------------------------------------------------------

================================================================================
Timing constraint: TS_clock_generator_0_clock_generator_0_SIG_PLL0_CLKOUT2 = 
PERIOD TIMEGRP         "clock_generator_0_clock_generator_0_SIG_PLL0_CLKOUT2" 
TS_sys_clk_pin         * 2 HIGH 50%;
For more information, see Period Analysis in the Timing Closure User Guide (UG612).

 0 paths analyzed, 0 endpoints analyzed, 0 failing endpoints
 0 timing errors detected. (0 component switching limit errors)
 Minimum period is   1.666ns.
--------------------------------------------------------------------------------

================================================================================
Timing constraint: TS_clock_generator_0_clock_generator_0_SIG_PLL0_CLKOUT3 = 
PERIOD TIMEGRP         "clock_generator_0_clock_generator_0_SIG_PLL0_CLKOUT3" 
TS_sys_clk_pin         * 0.625 HIGH 50%;
For more information, see Period Analysis in the Timing Closure User Guide (UG612).

 3982625564989 paths analyzed, 16801 endpoints analyzed, 24 failing endpoints
 24 timing errors detected. (24 setup errors, 0 hold errors, 0 component switching limit errors)
 Minimum period is  19.789ns.
--------------------------------------------------------------------------------
Slack:                  -3.789ns (requirement - (data path - clock path skew + uncertainty))
  Source:               readcop_0/readcop_0/fifo/U0/xst_fifo_generator/gconvfifo.rf/grf.rf/gntv_or_sync_fifo.mem/gbm.gbmg.gbmga.ngecc.bmg/gnativebmg.native_blk_mem_gen/valid.cstr/ramloop[10].ram.r/v5_noinit.ram/SDP.SINGLE_PRIM36.TDP (RAM)
  Destination:          readcop_0/readcop_0/dvi/DVIData/VideoBuf/bit[4].ODDR (FF)
  Requirement:          16.000ns
  Data Path Delay:      19.530ns (Levels of Logic = 20)
  Clock Path Skew:      -0.168ns (0.685 - 0.853)
  Source Clock:         clk_62_5000MHzPLL0 rising at 0.000ns
  Destination Clock:    clk_62_5000MHzPLL0 rising at 16.000ns
  Clock Uncertainty:    0.091ns

  Clock Uncertainty:          0.091ns  ((TSJ^2 + DJ^2)^1/2) / 2 + PE
    Total System Jitter (TSJ):  0.070ns
    Discrete Jitter (DJ):       0.168ns
    Phase Error (PE):           0.000ns

  Maximum Data Path: readcop_0/readcop_0/fifo/U0/xst_fifo_generator/gconvfifo.rf/grf.rf/gntv_or_sync_fifo.mem/gbm.gbmg.gbmga.ngecc.bmg/gnativebmg.native_blk_mem_gen/valid.cstr/ramloop[10].ram.r/v5_noinit.ram/SDP.SINGLE_PRIM36.TDP to readcop_0/readcop_0/dvi/DVIData/VideoBuf/bit[4].ODDR
    Location             Delay type         Delay(ns)  Physical Resource
                                                       Logical Resource(s)
    -------------------------------------------------  -------------------
    RAMB36_X4Y6.DOBDOU1  Trcko_DORB            2.180   readcop_0/readcop_0/fifo/U0/xst_fifo_generator/gconvfifo.rf/grf.rf/gntv_or_sync_fifo.mem/gbm.gbmg.gbmga.ngecc.bmg/gnativebmg.native_blk_mem_gen/valid.cstr/ramloop[10].ram.r/v5_noinit.ram/SDP.SINGLE_PRIM36.TDP
                                                       readcop_0/readcop_0/fifo/U0/xst_fifo_generator/gconvfifo.rf/grf.rf/gntv_or_sync_fifo.mem/gbm.gbmg.gbmga.ngecc.bmg/gnativebmg.native_blk_mem_gen/valid.cstr/ramloop[10].ram.r/v5_noinit.ram/SDP.SINGLE_PRIM36.TDP
    SLICE_X94Y32.C5      net (fanout=1)        1.291   readcop_0/readcop_0/fifo/U0/xst_fifo_generator/gconvfifo.rf/grf.rf/gntv_or_sync_fifo.mem/gbm.gbmg.gbmga.ngecc.bmg/gnativebmg.native_blk_mem_gen/valid.cstr/ram_doutb9<3>
    SLICE_X94Y32.C       Tilo                  0.094   readcop_0/readcop_0/color_conversion/Mmult_Y_tmp_mult0000_Madd_11_bdd6
                                                       readcop_0/readcop_0/fifo/U0/xst_fifo_generator/gconvfifo.rf/grf.rf/gntv_or_sync_fifo.mem/gbm.gbmg.gbmga.ngecc.bmg/gnativebmg.native_blk_mem_gen/valid.cstr/has_mux_b.B/dout_mux<17>1
    SLICE_X95Y32.D4      net (fanout=35)       0.629   readcop_0/readcop_0/video_32<17>
    SLICE_X95Y32.D       Tilo                  0.094   readcop_0/readcop_0/color_conversion/Mmult_Y_tmp_mult0000_Madd_11_bdd11
                                                       readcop_0/readcop_0/color_conversion/Mmult_Y_tmp_mult0000_Madd_1161
    SLICE_X92Y33.D5      net (fanout=3)        0.421   readcop_0/readcop_0/color_conversion/Mmult_Y_tmp_mult0000_Madd_11_bdd11
    SLICE_X92Y33.CMUX    Topdc                 0.374   readcop_0/readcop_0/blk_n_white/Mmult_Scale_mult0000_Madd_10_bdd8
                                                       readcop_0/readcop_0/color_conversion/Mmult_Y_tmp_mult0000_Madd_11_F
                                                       readcop_0/readcop_0/color_conversion/Mmult_Y_tmp_mult0000_Madd_11
    SLICE_X92Y30.D4      net (fanout=1)        0.540   readcop_0/readcop_0/color_conversion/Mmult_Y_tmp_mult0000_Madd_11
    SLICE_X92Y30.COUT    Topcyd                0.384   readcop_0/readcop_0/color_conversion/Mmult_Y_tmp_mult0000_Madd2_cy<11>
                                                       readcop_0/readcop_0/color_conversion/Mmult_Y_tmp_mult0000_Madd2_lut<11>
                                                       readcop_0/readcop_0/color_conversion/Mmult_Y_tmp_mult0000_Madd2_cy<11>
    SLICE_X92Y31.CIN     net (fanout=1)        0.000   readcop_0/readcop_0/color_conversion/Mmult_Y_tmp_mult0000_Madd2_cy<11>
    SLICE_X92Y31.BMUX    Tcinb                 0.342   readcop_0/readcop_0/color_conversion/Mmult_Y_tmp_mult0000_Madd2_cy<15>
                                                       readcop_0/readcop_0/color_conversion/Mmult_Y_tmp_mult0000_Madd2_cy<15>
    SLICE_X92Y27.AX      net (fanout=2)        0.691   readcop_0/readcop_0/color_conversion/Y_tmp_mult0000<13>
    SLICE_X92Y27.CMUX    Taxd                  0.643   readcop_0/readcop_0/color_conversion/Madd_Y_tmp_addsub0001_cy<16>
                                                       readcop_0/readcop_0/color_conversion/Madd_Y_tmp_addsub0001_cy<16>
    SLICE_X94Y23.D5      net (fanout=1)        0.707   readcop_0/readcop_0/color_conversion/Y_tmp_addsub0001<15>
    SLICE_X94Y23.COUT    Topcyd                0.392   readcop_0/readcop_0/color_conversion/Maddsub_Y_tmp_mult0002_Madd_cy<15>
                                                       readcop_0/readcop_0/color_conversion/Y_tmp_addsub0001<15>_rt
                                                       readcop_0/readcop_0/color_conversion/Maddsub_Y_tmp_mult0002_Madd_cy<15>
    SLICE_X94Y24.CIN     net (fanout=1)        0.000   readcop_0/readcop_0/color_conversion/Maddsub_Y_tmp_mult0002_Madd_cy<15>
    SLICE_X94Y24.CMUX    Tcinc                 0.334   readcop_0/readcop_0/color_conversion/Y_tmp<8>
                                                       readcop_0/readcop_0/color_conversion/Maddsub_Y_tmp_mult0002_Madd_xor<18>
    SLICE_X88Y26.A6      net (fanout=24)       0.697   readcop_0/readcop_0/color_conversion/Y_tmp<8>
    SLICE_X88Y26.COUT    Topcya                0.499   readcop_0/readcop_0/color_conversion/Msub_Cr_tmp_signed_addsub0000_cy<3>
                                                       readcop_0/readcop_0/color_conversion/Msub_Cr_tmp_signed_addsub0000_lut<0>
                                                       readcop_0/readcop_0/color_conversion/Msub_Cr_tmp_signed_addsub0000_cy<3>
    SLICE_X88Y27.CIN     net (fanout=1)        0.000   readcop_0/readcop_0/color_conversion/Msub_Cr_tmp_signed_addsub0000_cy<3>
    SLICE_X88Y27.CMUX    Tcinc                 0.337   readcop_0/readcop_0/color_conversion/Msub_Cr_tmp_signed_addsub0000_cy<7>
                                                       readcop_0/readcop_0/color_conversion/Msub_Cr_tmp_signed_addsub0000_cy<7>
    SLICE_X90Y26.D4      net (fanout=14)       0.782   readcop_0/readcop_0/color_conversion/Maddsub_Cr_tmp_signed_mult0000_Madd2_lut<12>
    SLICE_X90Y26.D       Tilo                  0.094   readcop_0/readcop_0/color_conversion/Maddsub_Cr_tmp_signed_mult0000_Madd_93
                                                       readcop_0/readcop_0/color_conversion/Maddsub_Cr_tmp_signed_mult0000_Madd_931
    SLICE_X91Y27.CX      net (fanout=2)        0.602   readcop_0/readcop_0/color_conversion/Maddsub_Cr_tmp_signed_mult0000_Madd_93
    SLICE_X91Y27.COUT    Tcxcy                 0.253   readcop_0/readcop_0/color_conversion/Maddsub_Cr_tmp_signed_mult0000_Madd4_cy<10>
                                                       readcop_0/readcop_0/color_conversion/Maddsub_Cr_tmp_signed_mult0000_Madd4_cy<10>
    SLICE_X91Y28.CIN     net (fanout=1)        0.000   readcop_0/readcop_0/color_conversion/Maddsub_Cr_tmp_signed_mult0000_Madd4_cy<10>
    SLICE_X91Y28.DMUX    Tcind                 0.402   readcop_0/readcop_0/color_conversion/Maddsub_Cr_tmp_signed_mult0000_Madd4_cy<14>
                                                       readcop_0/readcop_0/color_conversion/Maddsub_Cr_tmp_signed_mult0000_Madd4_cy<14>
    SLICE_X90Y29.A6      net (fanout=2)        0.450   readcop_0/readcop_0/color_conversion/Maddsub_Cr_tmp_signed_mult0000_Madd_144
    SLICE_X90Y29.COUT    Topcya                0.509   readcop_0/readcop_0/color_conversion/Maddsub_Cr_tmp_signed_mult0000_Madd5_cy<17>
                                                       readcop_0/readcop_0/color_conversion/Maddsub_Cr_tmp_signed_mult0000_Madd5_lut<14>
                                                       readcop_0/readcop_0/color_conversion/Maddsub_Cr_tmp_signed_mult0000_Madd5_cy<17>
    SLICE_X90Y30.CIN     net (fanout=1)        0.010   readcop_0/readcop_0/color_conversion/Maddsub_Cr_tmp_signed_mult0000_Madd5_cy<17>
    SLICE_X90Y30.AMUX    Tcina                 0.271   readcop_0/N68
                                                       readcop_0/readcop_0/color_conversion/Maddsub_Cr_tmp_signed_mult0000_Madd5_xor<19>
    SLICE_X90Y31.D4      net (fanout=10)       0.761   readcop_0/readcop_0/color_conversion/Maddsub_Cr_tmp_signed_mult0000_18
    SLICE_X90Y31.D       Tilo                  0.094   readcop_0/readcop_0/video<0>2100
                                                       readcop_0/readcop_0/video<0>2100
    SLICE_X90Y31.C1      net (fanout=1)        0.873   readcop_0/readcop_0/video<0>2100
    SLICE_X90Y31.C       Tilo                  0.094   readcop_0/readcop_0/video<0>2100
                                                       readcop_0/readcop_0/video<0>2151
    SLICE_X90Y33.A3      net (fanout=1)        0.738   readcop_0/readcop_0/video<0>2151
    SLICE_X90Y33.A       Tilo                  0.094   readcop_0/readcop_0/N2
                                                       readcop_0/readcop_0/video<0>2223
    SLICE_X86Y31.A6      net (fanout=17)       0.518   readcop_0/readcop_0/N6
    SLICE_X86Y31.A       Tilo                  0.094   readcop_0/readcop_0/ycrcb_video<12>
                                                       readcop_0/readcop_0/video<12>11
    SLICE_X95Y31.C6      net (fanout=5)        0.739   readcop_0/readcop_0/N10
    SLICE_X95Y31.CMUX    Tilo                  0.392   readcop_0/readcop_0/ycrcb_video<4>
                                                       readcop_0/readcop_0/video<4>_G
                                                       readcop_0/readcop_0/video<4>
    OLOGIC_X2Y72.D2      net (fanout=1)        0.677   readcop_0/readcop_0/video<4>
    OLOGIC_X2Y72.CLK     Todck                 0.434   DVI_D_4_OBUF
                                                       readcop_0/readcop_0/dvi/DVIData/VideoBuf/bit[4].ODDR
    -------------------------------------------------  ---------------------------
    Total                                     19.530ns (8.404ns logic, 11.126ns route)
                                                       (43.0% logic, 57.0% route)

--------------------------------------------------------------------------------
Slack:                  -3.785ns (requirement - (data path - clock path skew + uncertainty))
  Source:               readcop_0/readcop_0/fifo/U0/xst_fifo_generator/gconvfifo.rf/grf.rf/gntv_or_sync_fifo.mem/gbm.gbmg.gbmga.ngecc.bmg/gnativebmg.native_blk_mem_gen/valid.cstr/ramloop[10].ram.r/v5_noinit.ram/SDP.SINGLE_PRIM36.TDP (RAM)
  Destination:          readcop_0/readcop_0/dvi/DVIData/VideoBuf/bit[4].ODDR (FF)
  Requirement:          16.000ns
  Data Path Delay:      19.526ns (Levels of Logic = 20)
  Clock Path Skew:      -0.168ns (0.685 - 0.853)
  Source Clock:         clk_62_5000MHzPLL0 rising at 0.000ns
  Destination Clock:    clk_62_5000MHzPLL0 rising at 16.000ns
  Clock Uncertainty:    0.091ns

  Clock Uncertainty:          0.091ns  ((TSJ^2 + DJ^2)^1/2) / 2 + PE
    Total System Jitter (TSJ):  0.070ns
    Discrete Jitter (DJ):       0.168ns
    Phase Error (PE):           0.000ns

  Maximum Data Path: readcop_0/readcop_0/fifo/U0/xst_fifo_generator/gconvfifo.rf/grf.rf/gntv_or_sync_fifo.mem/gbm.gbmg.gbmga.ngecc.bmg/gnativebmg.native_blk_mem_gen/valid.cstr/ramloop[10].ram.r/v5_noinit.ram/SDP.SINGLE_PRIM36.TDP to readcop_0/readcop_0/dvi/DVIData/VideoBuf/bit[4].ODDR
    Location             Delay type         Delay(ns)  Physical Resource
                                                       Logical Resource(s)
    -------------------------------------------------  -------------------
    RAMB36_X4Y6.DOBDOU1  Trcko_DORB            2.180   readcop_0/readcop_0/fifo/U0/xst_fifo_generator/gconvfifo.rf/grf.rf/gntv_or_sync_fifo.mem/gbm.gbmg.gbmga.ngecc.bmg/gnativebmg.native_blk_mem_gen/valid.cstr/ramloop[10].ram.r/v5_noinit.ram/SDP.SINGLE_PRIM36.TDP
                                                       readcop_0/readcop_0/fifo/U0/xst_fifo_generator/gconvfifo.rf/grf.rf/gntv_or_sync_fifo.mem/gbm.gbmg.gbmga.ngecc.bmg/gnativebmg.native_blk_mem_gen/valid.cstr/ramloop[10].ram.r/v5_noinit.ram/SDP.SINGLE_PRIM36.TDP
    SLICE_X94Y32.C5      net (fanout=1)        1.291   readcop_0/readcop_0/fifo/U0/xst_fifo_generator/gconvfifo.rf/grf.rf/gntv_or_sync_fifo.mem/gbm.gbmg.gbmga.ngecc.bmg/gnativebmg.native_blk_mem_gen/valid.cstr/ram_doutb9<3>
    SLICE_X94Y32.C       Tilo                  0.094   readcop_0/readcop_0/color_conversion/Mmult_Y_tmp_mult0000_Madd_11_bdd6
                                                       readcop_0/readcop_0/fifo/U0/xst_fifo_generator/gconvfifo.rf/grf.rf/gntv_or_sync_fifo.mem/gbm.gbmg.gbmga.ngecc.bmg/gnativebmg.native_blk_mem_gen/valid.cstr/has_mux_b.B/dout_mux<17>1
    SLICE_X95Y32.D4      net (fanout=35)       0.629   readcop_0/readcop_0/video_32<17>
    SLICE_X95Y32.D       Tilo                  0.094   readcop_0/readcop_0/color_conversion/Mmult_Y_tmp_mult0000_Madd_11_bdd11
                                                       readcop_0/readcop_0/color_conversion/Mmult_Y_tmp_mult0000_Madd_1161
    SLICE_X92Y33.D5      net (fanout=3)        0.421   readcop_0/readcop_0/color_conversion/Mmult_Y_tmp_mult0000_Madd_11_bdd11
    SLICE_X92Y33.CMUX    Topdc                 0.374   readcop_0/readcop_0/blk_n_white/Mmult_Scale_mult0000_Madd_10_bdd8
                                                       readcop_0/readcop_0/color_conversion/Mmult_Y_tmp_mult0000_Madd_11_F
                                                       readcop_0/readcop_0/color_conversion/Mmult_Y_tmp_mult0000_Madd_11
    SLICE_X92Y30.D4      net (fanout=1)        0.540   readcop_0/readcop_0/color_conversion/Mmult_Y_tmp_mult0000_Madd_11
    SLICE_X92Y30.COUT    Topcyd                0.384   readcop_0/readcop_0/color_conversion/Mmult_Y_tmp_mult0000_Madd2_cy<11>
                                                       readcop_0/readcop_0/color_conversion/Mmult_Y_tmp_mult0000_Madd2_lut<11>
                                                       readcop_0/readcop_0/color_conversion/Mmult_Y_tmp_mult0000_Madd2_cy<11>
    SLICE_X92Y31.CIN     net (fanout=1)        0.000   readcop_0/readcop_0/color_conversion/Mmult_Y_tmp_mult0000_Madd2_cy<11>
    SLICE_X92Y31.BMUX    Tcinb                 0.342   readcop_0/readcop_0/color_conversion/Mmult_Y_tmp_mult0000_Madd2_cy<15>
                                                       readcop_0/readcop_0/color_conversion/Mmult_Y_tmp_mult0000_Madd2_cy<15>
    SLICE_X92Y27.AX      net (fanout=2)        0.691   readcop_0/readcop_0/color_conversion/Y_tmp_mult0000<13>
    SLICE_X92Y27.COUT    Taxcy                 0.458   readcop_0/readcop_0/color_conversion/Madd_Y_tmp_addsub0001_cy<16>
                                                       readcop_0/readcop_0/color_conversion/Madd_Y_tmp_addsub0001_cy<16>
    SLICE_X92Y28.CIN     net (fanout=1)        0.000   readcop_0/readcop_0/color_conversion/Madd_Y_tmp_addsub0001_cy<16>
    SLICE_X92Y28.AMUX    Tcina                 0.274   readcop_0/readcop_0/video<1>
                                                       readcop_0/readcop_0/color_conversion/Madd_Y_tmp_addsub0001_cy<17>
    SLICE_X94Y24.B5      net (fanout=1)        0.667   readcop_0/readcop_0/color_conversion/Y_tmp_addsub0001<17>
    SLICE_X94Y24.CMUX    Topbc                 0.673   readcop_0/readcop_0/color_conversion/Y_tmp<8>
                                                       readcop_0/readcop_0/color_conversion/Y_tmp_addsub0001<17>_rt
                                                       readcop_0/readcop_0/color_conversion/Maddsub_Y_tmp_mult0002_Madd_xor<18>
    SLICE_X88Y26.A6      net (fanout=24)       0.697   readcop_0/readcop_0/color_conversion/Y_tmp<8>
    SLICE_X88Y26.COUT    Topcya                0.499   readcop_0/readcop_0/color_conversion/Msub_Cr_tmp_signed_addsub0000_cy<3>
                                                       readcop_0/readcop_0/color_conversion/Msub_Cr_tmp_signed_addsub0000_lut<0>
                                                       readcop_0/readcop_0/color_conversion/Msub_Cr_tmp_signed_addsub0000_cy<3>
    SLICE_X88Y27.CIN     net (fanout=1)        0.000   readcop_0/readcop_0/color_conversion/Msub_Cr_tmp_signed_addsub0000_cy<3>
    SLICE_X88Y27.CMUX    Tcinc                 0.337   readcop_0/readcop_0/color_conversion/Msub_Cr_tmp_signed_addsub0000_cy<7>
                                                       readcop_0/readcop_0/color_conversion/Msub_Cr_tmp_signed_addsub0000_cy<7>
    SLICE_X90Y26.D4      net (fanout=14)       0.782   readcop_0/readcop_0/color_conversion/Maddsub_Cr_tmp_signed_mult0000_Madd2_lut<12>
    SLICE_X90Y26.D       Tilo                  0.094   readcop_0/readcop_0/color_conversion/Maddsub_Cr_tmp_signed_mult0000_Madd_93
                                                       readcop_0/readcop_0/color_conversion/Maddsub_Cr_tmp_signed_mult0000_Madd_931
    SLICE_X91Y27.CX      net (fanout=2)        0.602   readcop_0/readcop_0/color_conversion/Maddsub_Cr_tmp_signed_mult0000_Madd_93
    SLICE_X91Y27.COUT    Tcxcy                 0.253   readcop_0/readcop_0/color_conversion/Maddsub_Cr_tmp_signed_mult0000_Madd4_cy<10>
                                                       readcop_0/readcop_0/color_conversion/Maddsub_Cr_tmp_signed_mult0000_Madd4_cy<10>
    SLICE_X91Y28.CIN     net (fanout=1)        0.000   readcop_0/readcop_0/color_conversion/Maddsub_Cr_tmp_signed_mult0000_Madd4_cy<10>
    SLICE_X91Y28.DMUX    Tcind                 0.402   readcop_0/readcop_0/color_conversion/Maddsub_Cr_tmp_signed_mult0000_Madd4_cy<14>
                                                       readcop_0/readcop_0/color_conversion/Maddsub_Cr_tmp_signed_mult0000_Madd4_cy<14>
    SLICE_X90Y29.A6      net (fanout=2)        0.450   readcop_0/readcop_0/color_conversion/Maddsub_Cr_tmp_signed_mult0000_Madd_144
    SLICE_X90Y29.COUT    Topcya                0.509   readcop_0/readcop_0/color_conversion/Maddsub_Cr_tmp_signed_mult0000_Madd5_cy<17>
                                                       readcop_0/readcop_0/color_conversion/Maddsub_Cr_tmp_signed_mult0000_Madd5_lut<14>
                                                       readcop_0/readcop_0/color_conversion/Maddsub_Cr_tmp_signed_mult0000_Madd5_cy<17>
    SLICE_X90Y30.CIN     net (fanout=1)        0.010   readcop_0/readcop_0/color_conversion/Maddsub_Cr_tmp_signed_mult0000_Madd5_cy<17>
    SLICE_X90Y30.AMUX    Tcina                 0.271   readcop_0/N68
                                                       readcop_0/readcop_0/color_conversion/Maddsub_Cr_tmp_signed_mult0000_Madd5_xor<19>
    SLICE_X90Y31.D4      net (fanout=10)       0.761   readcop_0/readcop_0/color_conversion/Maddsub_Cr_tmp_signed_mult0000_18
    SLICE_X90Y31.D       Tilo                  0.094   readcop_0/readcop_0/video<0>2100
                                                       readcop_0/readcop_0/video<0>2100
    SLICE_X90Y31.C1      net (fanout=1)        0.873   readcop_0/readcop_0/video<0>2100
    SLICE_X90Y31.C       Tilo                  0.094   readcop_0/readcop_0/video<0>2100
                                                       readcop_0/readcop_0/video<0>2151
    SLICE_X90Y33.A3      net (fanout=1)        0.738   readcop_0/readcop_0/video<0>2151
    SLICE_X90Y33.A       Tilo                  0.094   readcop_0/readcop_0/N2
                                                       readcop_0/readcop_0/video<0>2223
    SLICE_X86Y31.A6      net (fanout=17)       0.518   readcop_0/readcop_0/N6
    SLICE_X86Y31.A       Tilo                  0.094   readcop_0/readcop_0/ycrcb_video<12>
                                                       readcop_0/readcop_0/video<12>11
    SLICE_X95Y31.C6      net (fanout=5)        0.739   readcop_0/readcop_0/N10
    SLICE_X95Y31.CMUX    Tilo                  0.392   readcop_0/readcop_0/ycrcb_video<4>
                                                       readcop_0/readcop_0/video<4>_G
                                                       readcop_0/readcop_0/video<4>
    OLOGIC_X2Y72.D2      net (fanout=1)        0.677   readcop_0/readcop_0/video<4>
    OLOGIC_X2Y72.CLK     Todck                 0.434   DVI_D_4_OBUF
                                                       readcop_0/readcop_0/dvi/DVIData/VideoBuf/bit[4].ODDR
    -------------------------------------------------  ---------------------------
    Total                                     19.526ns (8.440ns logic, 11.086ns route)
                                                       (43.2% logic, 56.8% route)

--------------------------------------------------------------------------------
Slack:                  -3.783ns (requirement - (data path - clock path skew + uncertainty))
  Source:               readcop_0/readcop_0/fifo/U0/xst_fifo_generator/gconvfifo.rf/grf.rf/gntv_or_sync_fifo.mem/gbm.gbmg.gbmga.ngecc.bmg/gnativebmg.native_blk_mem_gen/valid.cstr/ramloop[10].ram.r/v5_noinit.ram/SDP.SINGLE_PRIM36.TDP (RAM)
  Destination:          readcop_0/readcop_0/dvi/DVIData/VideoBuf/bit[4].ODDR (FF)
  Requirement:          16.000ns
  Data Path Delay:      19.524ns (Levels of Logic = 19)
  Clock Path Skew:      -0.168ns (0.685 - 0.853)
  Source Clock:         clk_62_5000MHzPLL0 rising at 0.000ns
  Destination Clock:    clk_62_5000MHzPLL0 rising at 16.000ns
  Clock Uncertainty:    0.091ns

  Clock Uncertainty:          0.091ns  ((TSJ^2 + DJ^2)^1/2) / 2 + PE
    Total System Jitter (TSJ):  0.070ns
    Discrete Jitter (DJ):       0.168ns
    Phase Error (PE):           0.000ns

  Maximum Data Path: readcop_0/readcop_0/fifo/U0/xst_fifo_generator/gconvfifo.rf/grf.rf/gntv_or_sync_fifo.mem/gbm.gbmg.gbmga.ngecc.bmg/gnativebmg.native_blk_mem_gen/valid.cstr/ramloop[10].ram.r/v5_noinit.ram/SDP.SINGLE_PRIM36.TDP to readcop_0/readcop_0/dvi/DVIData/VideoBuf/bit[4].ODDR
    Location             Delay type         Delay(ns)  Physical Resource
                                                       Logical Resource(s)
    -------------------------------------------------  -------------------
    RAMB36_X4Y6.DOBDOU1  Trcko_DORB            2.180   readcop_0/readcop_0/fifo/U0/xst_fifo_generator/gconvfifo.rf/grf.rf/gntv_or_sync_fifo.mem/gbm.gbmg.gbmga.ngecc.bmg/gnativebmg.native_blk_mem_gen/valid.cstr/ramloop[10].ram.r/v5_noinit.ram/SDP.SINGLE_PRIM36.TDP
                                                       readcop_0/readcop_0/fifo/U0/xst_fifo_generator/gconvfifo.rf/grf.rf/gntv_or_sync_fifo.mem/gbm.gbmg.gbmga.ngecc.bmg/gnativebmg.native_blk_mem_gen/valid.cstr/ramloop[10].ram.r/v5_noinit.ram/SDP.SINGLE_PRIM36.TDP
    SLICE_X94Y32.C5      net (fanout=1)        1.291   readcop_0/readcop_0/fifo/U0/xst_fifo_generator/gconvfifo.rf/grf.rf/gntv_or_sync_fifo.mem/gbm.gbmg.gbmga.ngecc.bmg/gnativebmg.native_blk_mem_gen/valid.cstr/ram_doutb9<3>
    SLICE_X94Y32.C       Tilo                  0.094   readcop_0/readcop_0/color_conversion/Mmult_Y_tmp_mult0000_Madd_11_bdd6
                                                       readcop_0/readcop_0/fifo/U0/xst_fifo_generator/gconvfifo.rf/grf.rf/gntv_or_sync_fifo.mem/gbm.gbmg.gbmga.ngecc.bmg/gnativebmg.native_blk_mem_gen/valid.cstr/has_mux_b.B/dout_mux<17>1
    SLICE_X95Y32.D4      net (fanout=35)       0.629   readcop_0/readcop_0/video_32<17>
    SLICE_X95Y32.D       Tilo                  0.094   readcop_0/readcop_0/color_conversion/Mmult_Y_tmp_mult0000_Madd_11_bdd11
                                                       readcop_0/readcop_0/color_conversion/Mmult_Y_tmp_mult0000_Madd_1161
    SLICE_X92Y33.D5      net (fanout=3)        0.421   readcop_0/readcop_0/color_conversion/Mmult_Y_tmp_mult0000_Madd_11_bdd11
    SLICE_X92Y33.CMUX    Topdc                 0.374   readcop_0/readcop_0/blk_n_white/Mmult_Scale_mult0000_Madd_10_bdd8
                                                       readcop_0/readcop_0/color_conversion/Mmult_Y_tmp_mult0000_Madd_11_F
                                                       readcop_0/readcop_0/color_conversion/Mmult_Y_tmp_mult0000_Madd_11
    SLICE_X92Y30.D4      net (fanout=1)        0.540   readcop_0/readcop_0/color_conversion/Mmult_Y_tmp_mult0000_Madd_11
    SLICE_X92Y30.COUT    Topcyd                0.384   readcop_0/readcop_0/color_conversion/Mmult_Y_tmp_mult0000_Madd2_cy<11>
                                                       readcop_0/readcop_0/color_conversion/Mmult_Y_tmp_mult0000_Madd2_lut<11>
                                                       readcop_0/readcop_0/color_conversion/Mmult_Y_tmp_mult0000_Madd2_cy<11>
    SLICE_X92Y31.CIN     net (fanout=1)        0.000   readcop_0/readcop_0/color_conversion/Mmult_Y_tmp_mult0000_Madd2_cy<11>
    SLICE_X92Y31.BMUX    Tcinb                 0.342   readcop_0/readcop_0/color_conversion/Mmult_Y_tmp_mult0000_Madd2_cy<15>
                                                       readcop_0/readcop_0/color_conversion/Mmult_Y_tmp_mult0000_Madd2_cy<15>
    SLICE_X92Y27.AX      net (fanout=2)        0.691   readcop_0/readcop_0/color_conversion/Y_tmp_mult0000<13>
    SLICE_X92Y27.CMUX    Taxd                  0.643   readcop_0/readcop_0/color_conversion/Madd_Y_tmp_addsub0001_cy<16>
                                                       readcop_0/readcop_0/color_conversion/Madd_Y_tmp_addsub0001_cy<16>
    SLICE_X94Y23.D5      net (fanout=1)        0.707   readcop_0/readcop_0/color_conversion/Y_tmp_addsub0001<15>
    SLICE_X94Y23.COUT    Topcyd                0.392   readcop_0/readcop_0/color_conversion/Maddsub_Y_tmp_mult0002_Madd_cy<15>
                                                       readcop_0/readcop_0/color_conversion/Y_tmp_addsub0001<15>_rt
                                                       readcop_0/readcop_0/color_conversion/Maddsub_Y_tmp_mult0002_Madd_cy<15>
    SLICE_X94Y24.CIN     net (fanout=1)        0.000   readcop_0/readcop_0/color_conversion/Maddsub_Y_tmp_mult0002_Madd_cy<15>
    SLICE_X94Y24.CMUX    Tcinc                 0.334   readcop_0/readcop_0/color_conversion/Y_tmp<8>
                                                       readcop_0/readcop_0/color_conversion/Maddsub_Y_tmp_mult0002_Madd_xor<18>
    SLICE_X88Y26.A6      net (fanout=24)       0.697   readcop_0/readcop_0/color_conversion/Y_tmp<8>
    SLICE_X88Y26.BMUX    Topab                 0.487   readcop_0/readcop_0/color_conversion/Msub_Cr_tmp_signed_addsub0000_cy<3>
                                                       readcop_0/readcop_0/color_conversion/Msub_Cr_tmp_signed_addsub0000_lut<0>
                                                       readcop_0/readcop_0/color_conversion/Msub_Cr_tmp_signed_addsub0000_cy<3>
    SLICE_X90Y26.D1      net (fanout=17)       1.125   readcop_0/readcop_0/color_conversion/Cr_tmp_signed_addsub0000<1>
    SLICE_X90Y26.D       Tilo                  0.094   readcop_0/readcop_0/color_conversion/Maddsub_Cr_tmp_signed_mult0000_Madd_93
                                                       readcop_0/readcop_0/color_conversion/Maddsub_Cr_tmp_signed_mult0000_Madd_931
    SLICE_X91Y27.CX      net (fanout=2)        0.602   readcop_0/readcop_0/color_conversion/Maddsub_Cr_tmp_signed_mult0000_Madd_93
    SLICE_X91Y27.COUT    Tcxcy                 0.253   readcop_0/readcop_0/color_conversion/Maddsub_Cr_tmp_signed_mult0000_Madd4_cy<10>
                                                       readcop_0/readcop_0/color_conversion/Maddsub_Cr_tmp_signed_mult0000_Madd4_cy<10>
    SLICE_X91Y28.CIN     net (fanout=1)        0.000   readcop_0/readcop_0/color_conversion/Maddsub_Cr_tmp_signed_mult0000_Madd4_cy<10>
    SLICE_X91Y28.DMUX    Tcind                 0.402   readcop_0/readcop_0/color_conversion/Maddsub_Cr_tmp_signed_mult0000_Madd4_cy<14>
                                                       readcop_0/readcop_0/color_conversion/Maddsub_Cr_tmp_signed_mult0000_Madd4_cy<14>
    SLICE_X90Y29.A6      net (fanout=2)        0.450   readcop_0/readcop_0/color_conversion/Maddsub_Cr_tmp_signed_mult0000_Madd_144
    SLICE_X90Y29.COUT    Topcya                0.509   readcop_0/readcop_0/color_conversion/Maddsub_Cr_tmp_signed_mult0000_Madd5_cy<17>
                                                       readcop_0/readcop_0/color_conversion/Maddsub_Cr_tmp_signed_mult0000_Madd5_lut<14>
                                                       readcop_0/readcop_0/color_conversion/Maddsub_Cr_tmp_signed_mult0000_Madd5_cy<17>
    SLICE_X90Y30.CIN     net (fanout=1)        0.010   readcop_0/readcop_0/color_conversion/Maddsub_Cr_tmp_signed_mult0000_Madd5_cy<17>
    SLICE_X90Y30.AMUX    Tcina                 0.271   readcop_0/N68
                                                       readcop_0/readcop_0/color_conversion/Maddsub_Cr_tmp_signed_mult0000_Madd5_xor<19>
    SLICE_X90Y31.D4      net (fanout=10)       0.761   readcop_0/readcop_0/color_conversion/Maddsub_Cr_tmp_signed_mult0000_18
    SLICE_X90Y31.D       Tilo                  0.094   readcop_0/readcop_0/video<0>2100
                                                       readcop_0/readcop_0/video<0>2100
    SLICE_X90Y31.C1      net (fanout=1)        0.873   readcop_0/readcop_0/video<0>2100
    SLICE_X90Y31.C       Tilo                  0.094   readcop_0/readcop_0/video<0>2100
                                                       readcop_0/readcop_0/video<0>2151
    SLICE_X90Y33.A3      net (fanout=1)        0.738   readcop_0/readcop_0/video<0>2151
    SLICE_X90Y33.A       Tilo                  0.094   readcop_0/readcop_0/N2
                                                       readcop_0/readcop_0/video<0>2223
    SLICE_X86Y31.A6      net (fanout=17)       0.518   readcop_0/readcop_0/N6
    SLICE_X86Y31.A       Tilo                  0.094   readcop_0/readcop_0/ycrcb_video<12>
                                                       readcop_0/readcop_0/video<12>11
    SLICE_X95Y31.C6      net (fanout=5)        0.739   readcop_0/readcop_0/N10
    SLICE_X95Y31.CMUX    Tilo                  0.392   readcop_0/readcop_0/ycrcb_video<4>
                                                       readcop_0/readcop_0/video<4>_G
                                                       readcop_0/readcop_0/video<4>
    OLOGIC_X2Y72.D2      net (fanout=1)        0.677   readcop_0/readcop_0/video<4>
    OLOGIC_X2Y72.CLK     Todck                 0.434   DVI_D_4_OBUF
                                                       readcop_0/readcop_0/dvi/DVIData/VideoBuf/bit[4].ODDR
    -------------------------------------------------  ---------------------------
    Total                                     19.524ns (8.055ns logic, 11.469ns route)
                                                       (41.3% logic, 58.7% route)

--------------------------------------------------------------------------------


Derived Constraint Report
Derived Constraints for TS_sys_clk_pin
+-------------------------------+-------------+-------------+-------------+-------------+-------------+-------------+-------------+
|                               |   Period    |       Actual Period       |      Timing Errors        |      Paths Analyzed       |
|           Constraint          | Requirement |-------------+-------------|-------------+-------------|-------------+-------------|
|                               |             |   Direct    | Derivative  |   Direct    | Derivative  |   Direct    | Derivative  |
+-------------------------------+-------------+-------------+-------------+-------------+-------------+-------------+-------------+
|TS_sys_clk_pin                 |     10.000ns|      4.000ns|     12.368ns|            0|           24|            0|3982625598155|
| TS_MC_RD_DATA_SEL             |      5.000ns|      4.160ns|          N/A|            0|            0|          384|            0|
| TS_MC_PHY_INIT_DATA_SEL_0     |      5.000ns|          N/A|          N/A|            0|            0|            0|            0|
| TS_MC_PHY_INIT_DATA_SEL_90    |      5.000ns|      4.692ns|          N/A|            0|            0|           50|            0|
| TS_MC_GATE_DLY                |      5.000ns|      3.165ns|          N/A|            0|            0|           40|            0|
| TS_MC_RDEN_DLY                |      5.000ns|      1.886ns|          N/A|            0|            0|            5|            0|
| TS_MC_CAL_RDEN_DLY            |      5.000ns|      1.881ns|          N/A|            0|            0|            5|            0|
| TS_clock_generator_0_clock_gen|      8.000ns|      5.701ns|          N/A|            0|            0|          898|            0|
| erator_0_SIG_PLL0_CLKOUT0     |             |             |             |             |             |             |             |
| TS_clock_generator_0_clock_gen|      8.000ns|      7.950ns|          N/A|            0|            0|        31784|            0|
| erator_0_SIG_PLL0_CLKOUT1     |             |             |             |             |             |             |             |
| TS_clock_generator_0_clock_gen|      5.000ns|      1.666ns|          N/A|            0|            0|            0|            0|
| erator_0_SIG_PLL0_CLKOUT2     |             |             |             |             |             |             |             |
| TS_clock_generator_0_clock_gen|     16.000ns|     19.789ns|          N/A|           24|            0|3982625564989|            0|
| erator_0_SIG_PLL0_CLKOUT3     |             |             |             |             |             |             |             |
+-------------------------------+-------------+-------------+-------------+-------------+-------------+-------------+-------------+

1 constraint not met.


Data Sheet report:
-----------------
All values displayed in nanoseconds (ns)

Clock to Setup on destination clock fpga_0_DDR2_SDRAM_DDR2_DQS_n_pin<0>
-----------------------------------+---------+---------+---------+---------+
                                   | Src:Rise| Src:Fall| Src:Rise| Src:Fall|
Source Clock                       |Dest:Rise|Dest:Rise|Dest:Fall|Dest:Fall|
-----------------------------------+---------+---------+---------+---------+
fpga_0_DDR2_SDRAM_DDR2_DQS_n_pin<0>|         |    1.797|         |    1.821|
fpga_0_DDR2_SDRAM_DDR2_DQS_pin<0>  |         |    1.797|         |    1.821|
-----------------------------------+---------+---------+---------+---------+

Clock to Setup on destination clock fpga_0_DDR2_SDRAM_DDR2_DQS_n_pin<1>
-----------------------------------+---------+---------+---------+---------+
                                   | Src:Rise| Src:Fall| Src:Rise| Src:Fall|
Source Clock                       |Dest:Rise|Dest:Rise|Dest:Fall|Dest:Fall|
-----------------------------------+---------+---------+---------+---------+
fpga_0_DDR2_SDRAM_DDR2_DQS_n_pin<1>|         |    1.772|         |    1.796|
fpga_0_DDR2_SDRAM_DDR2_DQS_pin<1>  |         |    1.772|         |    1.796|
-----------------------------------+---------+---------+---------+---------+

Clock to Setup on destination clock fpga_0_DDR2_SDRAM_DDR2_DQS_n_pin<2>
-----------------------------------+---------+---------+---------+---------+
                                   | Src:Rise| Src:Fall| Src:Rise| Src:Fall|
Source Clock                       |Dest:Rise|Dest:Rise|Dest:Fall|Dest:Fall|
-----------------------------------+---------+---------+---------+---------+
fpga_0_DDR2_SDRAM_DDR2_DQS_n_pin<2>|         |    1.822|         |    1.846|
fpga_0_DDR2_SDRAM_DDR2_DQS_pin<2>  |         |    1.822|         |    1.846|
-----------------------------------+---------+---------+---------+---------+

Clock to Setup on destination clock fpga_0_DDR2_SDRAM_DDR2_DQS_n_pin<3>
-----------------------------------+---------+---------+---------+---------+
                                   | Src:Rise| Src:Fall| Src:Rise| Src:Fall|
Source Clock                       |Dest:Rise|Dest:Rise|Dest:Fall|Dest:Fall|
-----------------------------------+---------+---------+---------+---------+
fpga_0_DDR2_SDRAM_DDR2_DQS_n_pin<3>|         |    1.673|         |    1.697|
fpga_0_DDR2_SDRAM_DDR2_DQS_pin<3>  |         |    1.673|         |    1.697|
-----------------------------------+---------+---------+---------+---------+

Clock to Setup on destination clock fpga_0_DDR2_SDRAM_DDR2_DQS_n_pin<4>
-----------------------------------+---------+---------+---------+---------+
                                   | Src:Rise| Src:Fall| Src:Rise| Src:Fall|
Source Clock                       |Dest:Rise|Dest:Rise|Dest:Fall|Dest:Fall|
-----------------------------------+---------+---------+---------+---------+
fpga_0_DDR2_SDRAM_DDR2_DQS_n_pin<4>|         |    1.823|         |    1.847|
fpga_0_DDR2_SDRAM_DDR2_DQS_pin<4>  |         |    1.823|         |    1.847|
-----------------------------------+---------+---------+---------+---------+

Clock to Setup on destination clock fpga_0_DDR2_SDRAM_DDR2_DQS_n_pin<5>
-----------------------------------+---------+---------+---------+---------+
                                   | Src:Rise| Src:Fall| Src:Rise| Src:Fall|
Source Clock                       |Dest:Rise|Dest:Rise|Dest:Fall|Dest:Fall|
-----------------------------------+---------+---------+---------+---------+
fpga_0_DDR2_SDRAM_DDR2_DQS_n_pin<5>|         |    1.838|         |    1.862|
fpga_0_DDR2_SDRAM_DDR2_DQS_pin<5>  |         |    1.838|         |    1.862|
-----------------------------------+---------+---------+---------+---------+

Clock to Setup on destination clock fpga_0_DDR2_SDRAM_DDR2_DQS_n_pin<6>
-----------------------------------+---------+---------+---------+---------+
                                   | Src:Rise| Src:Fall| Src:Rise| Src:Fall|
Source Clock                       |Dest:Rise|Dest:Rise|Dest:Fall|Dest:Fall|
-----------------------------------+---------+---------+---------+---------+
fpga_0_DDR2_SDRAM_DDR2_DQS_n_pin<6>|         |    1.792|         |    1.816|
fpga_0_DDR2_SDRAM_DDR2_DQS_pin<6>  |         |    1.792|         |    1.816|
-----------------------------------+---------+---------+---------+---------+

Clock to Setup on destination clock fpga_0_DDR2_SDRAM_DDR2_DQS_n_pin<7>
-----------------------------------+---------+---------+---------+---------+
                                   | Src:Rise| Src:Fall| Src:Rise| Src:Fall|
Source Clock                       |Dest:Rise|Dest:Rise|Dest:Fall|Dest:Fall|
-----------------------------------+---------+---------+---------+---------+
fpga_0_DDR2_SDRAM_DDR2_DQS_n_pin<7>|         |    1.817|         |    1.841|
fpga_0_DDR2_SDRAM_DDR2_DQS_pin<7>  |         |    1.817|         |    1.841|
-----------------------------------+---------+---------+---------+---------+

Clock to Setup on destination clock fpga_0_DDR2_SDRAM_DDR2_DQS_pin<0>
-----------------------------------+---------+---------+---------+---------+
                                   | Src:Rise| Src:Fall| Src:Rise| Src:Fall|
Source Clock                       |Dest:Rise|Dest:Rise|Dest:Fall|Dest:Fall|
-----------------------------------+---------+---------+---------+---------+
fpga_0_DDR2_SDRAM_DDR2_DQS_n_pin<0>|         |    1.797|         |    1.821|
fpga_0_DDR2_SDRAM_DDR2_DQS_pin<0>  |         |    1.797|         |    1.821|
-----------------------------------+---------+---------+---------+---------+

Clock to Setup on destination clock fpga_0_DDR2_SDRAM_DDR2_DQS_pin<1>
-----------------------------------+---------+---------+---------+---------+
                                   | Src:Rise| Src:Fall| Src:Rise| Src:Fall|
Source Clock                       |Dest:Rise|Dest:Rise|Dest:Fall|Dest:Fall|
-----------------------------------+---------+---------+---------+---------+
fpga_0_DDR2_SDRAM_DDR2_DQS_n_pin<1>|         |    1.772|         |    1.796|
fpga_0_DDR2_SDRAM_DDR2_DQS_pin<1>  |         |    1.772|         |    1.796|
-----------------------------------+---------+---------+---------+---------+

Clock to Setup on destination clock fpga_0_DDR2_SDRAM_DDR2_DQS_pin<2>
-----------------------------------+---------+---------+---------+---------+
                                   | Src:Rise| Src:Fall| Src:Rise| Src:Fall|
Source Clock                       |Dest:Rise|Dest:Rise|Dest:Fall|Dest:Fall|
-----------------------------------+---------+---------+---------+---------+
fpga_0_DDR2_SDRAM_DDR2_DQS_n_pin<2>|         |    1.822|         |    1.846|
fpga_0_DDR2_SDRAM_DDR2_DQS_pin<2>  |         |    1.822|         |    1.846|
-----------------------------------+---------+---------+---------+---------+

Clock to Setup on destination clock fpga_0_DDR2_SDRAM_DDR2_DQS_pin<3>
-----------------------------------+---------+---------+---------+---------+
                                   | Src:Rise| Src:Fall| Src:Rise| Src:Fall|
Source Clock                       |Dest:Rise|Dest:Rise|Dest:Fall|Dest:Fall|
-----------------------------------+---------+---------+---------+---------+
fpga_0_DDR2_SDRAM_DDR2_DQS_n_pin<3>|         |    1.673|         |    1.697|
fpga_0_DDR2_SDRAM_DDR2_DQS_pin<3>  |         |    1.673|         |    1.697|
-----------------------------------+---------+---------+---------+---------+

Clock to Setup on destination clock fpga_0_DDR2_SDRAM_DDR2_DQS_pin<4>
-----------------------------------+---------+---------+---------+---------+
                                   | Src:Rise| Src:Fall| Src:Rise| Src:Fall|
Source Clock                       |Dest:Rise|Dest:Rise|Dest:Fall|Dest:Fall|
-----------------------------------+---------+---------+---------+---------+
fpga_0_DDR2_SDRAM_DDR2_DQS_n_pin<4>|         |    1.823|         |    1.847|
fpga_0_DDR2_SDRAM_DDR2_DQS_pin<4>  |         |    1.823|         |    1.847|
-----------------------------------+---------+---------+---------+---------+

Clock to Setup on destination clock fpga_0_DDR2_SDRAM_DDR2_DQS_pin<5>
-----------------------------------+---------+---------+---------+---------+
                                   | Src:Rise| Src:Fall| Src:Rise| Src:Fall|
Source Clock                       |Dest:Rise|Dest:Rise|Dest:Fall|Dest:Fall|
-----------------------------------+---------+---------+---------+---------+
fpga_0_DDR2_SDRAM_DDR2_DQS_n_pin<5>|         |    1.838|         |    1.862|
fpga_0_DDR2_SDRAM_DDR2_DQS_pin<5>  |         |    1.838|         |    1.862|
-----------------------------------+---------+---------+---------+---------+

Clock to Setup on destination clock fpga_0_DDR2_SDRAM_DDR2_DQS_pin<6>
-----------------------------------+---------+---------+---------+---------+
                                   | Src:Rise| Src:Fall| Src:Rise| Src:Fall|
Source Clock                       |Dest:Rise|Dest:Rise|Dest:Fall|Dest:Fall|
-----------------------------------+---------+---------+---------+---------+
fpga_0_DDR2_SDRAM_DDR2_DQS_n_pin<6>|         |    1.792|         |    1.816|
fpga_0_DDR2_SDRAM_DDR2_DQS_pin<6>  |         |    1.792|         |    1.816|
-----------------------------------+---------+---------+---------+---------+

Clock to Setup on destination clock fpga_0_DDR2_SDRAM_DDR2_DQS_pin<7>
-----------------------------------+---------+---------+---------+---------+
                                   | Src:Rise| Src:Fall| Src:Rise| Src:Fall|
Source Clock                       |Dest:Rise|Dest:Rise|Dest:Fall|Dest:Fall|
-----------------------------------+---------+---------+---------+---------+
fpga_0_DDR2_SDRAM_DDR2_DQS_n_pin<7>|         |    1.817|         |    1.841|
fpga_0_DDR2_SDRAM_DDR2_DQS_pin<7>  |         |    1.817|         |    1.841|
-----------------------------------+---------+---------+---------+---------+

Clock to Setup on destination clock fpga_0_clk_1_sys_clk_pin
------------------------+---------+---------+---------+---------+
                        | Src:Rise| Src:Fall| Src:Rise| Src:Fall|
Source Clock            |Dest:Rise|Dest:Rise|Dest:Fall|Dest:Fall|
------------------------+---------+---------+---------+---------+
fpga_0_clk_1_sys_clk_pin|   19.789|    2.939|    4.378|    4.602|
------------------------+---------+---------+---------+---------+


Timing summary:
---------------

Timing errors: 24  Score: 78015  (Setup/Max: 78015, Hold: 0)

Constraints cover 3982625598675 paths, 16 nets, and 36608 connections

Design statistics:
   Minimum period:  19.789ns   (Maximum frequency:  50.533MHz)
   Maximum path delay from/to any node:   6.157ns
   Maximum net delay:   0.805ns


Analysis completed Fri May  3 13:36:10 2013 
--------------------------------------------------------------------------------

Trace Settings:
-------------------------
Trace Settings 

Peak Memory Usage: 771 MB



