/home/cc/cs150/sp13/class/cs150-bh/cs150/tests/hardware/vga_conf_top/vga_conf_top/vga_config_top.ngc 1365896295
../../vga_in/src/chipscope/chipscope_icon.ngc 1365319367
../../vga_in/src/chipscope/chipscope_ila.ngc 1365319812
/home/cc/cs150/sp13/class/cs150-bh/cs150/tests/hardware/vga_conf_top/vga_conf_top/vga_config.ngc 1365896155
/home/cc/cs150/sp13/class/cs150-bh/cs150/tests/hardware/vga_conf_top/vga_conf_top/vga_config_microblaze_0_wrapper.ngc 1365896155
/home/cc/cs150/sp13/class/cs150-bh/cs150/tests/hardware/vga_conf_top/vga_conf_top/vga_config_mb_plb_wrapper.ngc 1365896155
/home/cc/cs150/sp13/class/cs150-bh/cs150/tests/hardware/vga_conf_top/vga_conf_top/vga_config_ilmb_wrapper.ngc 1365896155
/home/cc/cs150/sp13/class/cs150-bh/cs150/tests/hardware/vga_conf_top/vga_conf_top/vga_config_dlmb_wrapper.ngc 1365896155
/home/cc/cs150/sp13/class/cs150-bh/cs150/tests/hardware/vga_conf_top/vga_conf_top/vga_config_dlmb_cntlr_wrapper.ngc 1365896155
/home/cc/cs150/sp13/class/cs150-bh/cs150/tests/hardware/vga_conf_top/vga_conf_top/vga_config_ilmb_cntlr_wrapper.ngc 1365896155
/home/cc/cs150/sp13/class/cs150-bh/cs150/tests/hardware/vga_conf_top/vga_conf_top/vga_config_lmb_bram_wrapper.ngc 1365896155
/home/cc/cs150/sp13/class/cs150-bh/cs150/tests/hardware/vga_conf_top/vga_conf_top/vga_config_rs232_uart_1_wrapper.ngc 1365896155
/home/cc/cs150/sp13/class/cs150-bh/cs150/tests/hardware/vga_conf_top/vga_conf_top/vga_config_clock_generator_0_wrapper.ngc 1365896155
/home/cc/cs150/sp13/class/cs150-bh/cs150/tests/hardware/vga_conf_top/vga_conf_top/vga_config_mdm_0_wrapper.ngc 1365896155
/home/cc/cs150/sp13/class/cs150-bh/cs150/tests/hardware/vga_conf_top/vga_conf_top/vga_config_proc_sys_reset_0_wrapper.ngc 1365896155
/home/cc/cs150/sp13/class/cs150-bh/cs150/tests/hardware/vga_conf_top/vga_conf_top/vga_config_xps_iic_0_wrapper.ngc 1365896155
/home/cc/cs150/sp13/class/cs150-bh/cs150/tests/hardware/vga_conf_top/vga_conf_top/vga_config_xps_intc_0_wrapper.ngc 1365896155
OK
